Archive member included to satisfy reference by file (symbol)

/Applications/STM32CubeIDE.app/Contents/Eclipse/plugins/com.st.stm32cube.ide.mcu.externaltools.gnu-tools-for-stm32.12.3.rel1.macos64_1.0.200.202406191456/tools/bin/../lib/gcc/arm-none-eabi/12.3.1/../../../../arm-none-eabi/lib/thumb/v7e-m+dp/hard/libc_nano.a(libc_a-exit.o)
                              /Applications/STM32CubeIDE.app/Contents/Eclipse/plugins/com.st.stm32cube.ide.mcu.externaltools.gnu-tools-for-stm32.12.3.rel1.macos64_1.0.200.202406191456/tools/bin/../lib/gcc/arm-none-eabi/12.3.1/../../../../arm-none-eabi/lib/thumb/v7e-m+dp/hard/crt0.o (exit)
/Applications/STM32CubeIDE.app/Contents/Eclipse/plugins/com.st.stm32cube.ide.mcu.externaltools.gnu-tools-for-stm32.12.3.rel1.macos64_1.0.200.202406191456/tools/bin/../lib/gcc/arm-none-eabi/12.3.1/../../../../arm-none-eabi/lib/thumb/v7e-m+dp/hard/libc_nano.a(libc_a-findfp.o)
                              /Applications/STM32CubeIDE.app/Contents/Eclipse/plugins/com.st.stm32cube.ide.mcu.externaltools.gnu-tools-for-stm32.12.3.rel1.macos64_1.0.200.202406191456/tools/bin/../lib/gcc/arm-none-eabi/12.3.1/../../../../arm-none-eabi/lib/thumb/v7e-m+dp/hard/libc_nano.a(libc_a-exit.o) (__stdio_exit_handler)
/Applications/STM32CubeIDE.app/Contents/Eclipse/plugins/com.st.stm32cube.ide.mcu.externaltools.gnu-tools-for-stm32.12.3.rel1.macos64_1.0.200.202406191456/tools/bin/../lib/gcc/arm-none-eabi/12.3.1/../../../../arm-none-eabi/lib/thumb/v7e-m+dp/hard/libc_nano.a(libc_a-fwalk.o)
                              /Applications/STM32CubeIDE.app/Contents/Eclipse/plugins/com.st.stm32cube.ide.mcu.externaltools.gnu-tools-for-stm32.12.3.rel1.macos64_1.0.200.202406191456/tools/bin/../lib/gcc/arm-none-eabi/12.3.1/../../../../arm-none-eabi/lib/thumb/v7e-m+dp/hard/libc_nano.a(libc_a-findfp.o) (_fwalk_sglue)
/Applications/STM32CubeIDE.app/Contents/Eclipse/plugins/com.st.stm32cube.ide.mcu.externaltools.gnu-tools-for-stm32.12.3.rel1.macos64_1.0.200.202406191456/tools/bin/../lib/gcc/arm-none-eabi/12.3.1/../../../../arm-none-eabi/lib/thumb/v7e-m+dp/hard/libc_nano.a(libc_a-memset.o)
                              /Applications/STM32CubeIDE.app/Contents/Eclipse/plugins/com.st.stm32cube.ide.mcu.externaltools.gnu-tools-for-stm32.12.3.rel1.macos64_1.0.200.202406191456/tools/bin/../lib/gcc/arm-none-eabi/12.3.1/../../../../arm-none-eabi/lib/thumb/v7e-m+dp/hard/crt0.o (memset)
/Applications/STM32CubeIDE.app/Contents/Eclipse/plugins/com.st.stm32cube.ide.mcu.externaltools.gnu-tools-for-stm32.12.3.rel1.macos64_1.0.200.202406191456/tools/bin/../lib/gcc/arm-none-eabi/12.3.1/../../../../arm-none-eabi/lib/thumb/v7e-m+dp/hard/libc_nano.a(libc_a-impure.o)
                              /Applications/STM32CubeIDE.app/Contents/Eclipse/plugins/com.st.stm32cube.ide.mcu.externaltools.gnu-tools-for-stm32.12.3.rel1.macos64_1.0.200.202406191456/tools/bin/../lib/gcc/arm-none-eabi/12.3.1/../../../../arm-none-eabi/lib/thumb/v7e-m+dp/hard/libc_nano.a(libc_a-findfp.o) (_impure_data)
/Applications/STM32CubeIDE.app/Contents/Eclipse/plugins/com.st.stm32cube.ide.mcu.externaltools.gnu-tools-for-stm32.12.3.rel1.macos64_1.0.200.202406191456/tools/bin/../lib/gcc/arm-none-eabi/12.3.1/../../../../arm-none-eabi/lib/thumb/v7e-m+dp/hard/libc_nano.a(libc_a-errno.o)
                              ./Core/Src/syscalls.o (__errno)
/Applications/STM32CubeIDE.app/Contents/Eclipse/plugins/com.st.stm32cube.ide.mcu.externaltools.gnu-tools-for-stm32.12.3.rel1.macos64_1.0.200.202406191456/tools/bin/../lib/gcc/arm-none-eabi/12.3.1/../../../../arm-none-eabi/lib/thumb/v7e-m+dp/hard/libc_nano.a(libc_a-init.o)
                              /Applications/STM32CubeIDE.app/Contents/Eclipse/plugins/com.st.stm32cube.ide.mcu.externaltools.gnu-tools-for-stm32.12.3.rel1.macos64_1.0.200.202406191456/tools/bin/../lib/gcc/arm-none-eabi/12.3.1/../../../../arm-none-eabi/lib/thumb/v7e-m+dp/hard/crt0.o (__libc_init_array)
/Applications/STM32CubeIDE.app/Contents/Eclipse/plugins/com.st.stm32cube.ide.mcu.externaltools.gnu-tools-for-stm32.12.3.rel1.macos64_1.0.200.202406191456/tools/bin/../lib/gcc/arm-none-eabi/12.3.1/../../../../arm-none-eabi/lib/thumb/v7e-m+dp/hard/libc_nano.a(libc_a-lock.o)
                              /Applications/STM32CubeIDE.app/Contents/Eclipse/plugins/com.st.stm32cube.ide.mcu.externaltools.gnu-tools-for-stm32.12.3.rel1.macos64_1.0.200.202406191456/tools/bin/../lib/gcc/arm-none-eabi/12.3.1/../../../../arm-none-eabi/lib/thumb/v7e-m+dp/hard/libc_nano.a(libc_a-findfp.o) (__retarget_lock_init_recursive)
/Applications/STM32CubeIDE.app/Contents/Eclipse/plugins/com.st.stm32cube.ide.mcu.externaltools.gnu-tools-for-stm32.12.3.rel1.macos64_1.0.200.202406191456/tools/bin/../lib/gcc/arm-none-eabi/12.3.1/../../../../arm-none-eabi/lib/thumb/v7e-m+dp/hard/libc_nano.a(libc_a-mallocr.o)
[...]
Memory Configuration

Name             Origin             Length             Attributes
ITCMRAM          0x00000000         0x00010000         xrw
DTCMRAM          0x20000000         0x00020000         xrw
FLASH            0x08000000         0x00100000         xr
RAM_D1           0x24000000         0x00050000         xrw
RAM_D2           0x30000000         0x00008000         xrw
RAM_D3           0x38000000         0x00004000         xrw
*default*        0x00000000         0xffffffff

Linker script and memory map

LOAD /Applications/STM32CubeIDE.app/Contents/Eclipse/plugins/com.st.stm32cube.ide.mcu.externaltools.gnu-tools-for-stm32.12.3.rel1.macos64_1.0.200.202406191456/tools/bin/../lib/gcc/arm-none-eabi/12.3.1/thumb/v7e-m+dp/hard/crti.o
LOAD /Applications/STM32CubeIDE.app/Contents/Eclipse/plugins/com.st.stm32cube.ide.mcu.externaltools.gnu-tools-for-stm32.12.3.rel1.macos64_1.0.200.202406191456/tools/bin/../lib/gcc/arm-none-eabi/12.3.1/thumb/v7e-m+dp/hard/crtbegin.o
LOAD /Applications/STM32CubeIDE.app/Contents/Eclipse/plugins/com.st.stm32cube.ide.mcu.externaltools.gnu-tools-for-stm32.12.3.rel1.macos64_1.0.200.202406191456/tools/bin/../lib/gcc/arm-none-eabi/12.3.1/../../../../arm-none-eabi/lib/thumb/v7e-m+dp/hard/crt0.o
LOAD ./Core/Src/PCM3060-Codec.o
LOAD ./Core/Src/main.o
LOAD ./Core/Src/stm32h7xx_hal_msp.o
LOAD ./Core/Src/stm32h7xx_it.o
LOAD ./Core/Src/syscalls.o
LOAD ./Core/Src/sysmem.o
LOAD ./Core/Src/system_stm32h7xx.o
LOAD ./Core/Startup/startup_stm32h723vgtx.o
LOAD ./Drivers/STM32H7xx_HAL_Driver/Src/stm32h7xx_hal.o
LOAD ./Drivers/STM32H7xx_HAL_Driver/Src/stm32h7xx_hal_cortex.o
LOAD ./Drivers/STM32H7xx_HAL_Driver/Src/stm32h7xx_hal_dma.o
LOAD ./Drivers/STM32H7xx_HAL_Driver/Src/stm32h7xx_hal_dma_ex.o
LOAD ./Drivers/STM32H7xx_HAL_Driver/Src/stm32h7xx_hal_exti.o
LOAD ./Drivers/STM32H7xx_HAL_Driver/Src/stm32h7xx_hal_flash.o
LOAD ./Drivers/STM32H7xx_HAL_Driver/Src/stm32h7xx_hal_flash_ex.o
LOAD ./Drivers/STM32H7xx_HAL_Driver/Src/stm32h7xx_hal_gpio.o
LOAD ./Drivers/STM32H7xx_HAL_Driver/Src/stm32h7xx_hal_hsem.o
LOAD ./Drivers/STM32H7xx_HAL_Driver/Src/stm32h7xx_hal_i2c.o
LOAD ./Drivers/STM32H7xx_HAL_Driver/Src/stm32h7xx_hal_i2c_ex.o
LOAD ./Drivers/STM32H7xx_HAL_Driver/Src/stm32h7xx_hal_i2s.o
LOAD ./Drivers/STM32H7xx_HAL_Driver/Src/stm32h7xx_hal_i2s_ex.o
LOAD ./Drivers/STM32H7xx_HAL_Driver/Src/stm32h7xx_hal_mdma.o
LOAD ./Drivers/STM32H7xx_HAL_Driver/Src/stm32h7xx_hal_pwr.o
LOAD ./Drivers/STM32H7xx_HAL_Driver/Src/stm32h7xx_hal_pwr_ex.o
LOAD ./Drivers/STM32H7xx_HAL_Driver/Src/stm32h7xx_hal_rcc.o
LOAD ./Drivers/STM32H7xx_HAL_Driver/Src/stm32h7xx_hal_rcc_ex.o
LOAD ./Drivers/STM32H7xx_HAL_Driver/Src/stm32h7xx_hal_tim.o
LOAD ./Drivers/STM32H7xx_HAL_Driver/Src/stm32h7xx_hal_tim_ex.o
START GROUP
LOAD /Applications/STM32CubeIDE.app/Contents/Eclipse/plugins/com.st.stm32cube.ide.mcu.externaltools.gnu-tools-for-stm32.12.3.rel1.macos64_1.0.200.202406191456/tools/bin/../lib/gcc/arm-none-eabi/12.3.1/../../../../arm-none-eabi/lib/thumb/v7e-m+dp/hard/libc_nano.a
LOAD /Applications/STM32CubeIDE.app/Contents/Eclipse/plugins/com.st.stm32cube.ide.mcu.externaltools.gnu-tools-for-stm32.12.3.rel1.macos64_1.0.200.202406191456/tools/bin/../lib/gcc/arm-none-eabi/12.3.1/../../../../arm-none-eabi/lib/thumb/v7e-m+dp/hard/libm.a
END GROUP
START GROUP
LOAD /Applications/STM32CubeIDE.app/Contents/Eclipse/plugins/com.st.stm32cube.ide.mcu.externaltools.gnu-tools-for-stm32.12.3.rel1.macos64_1.0.200.202406191456/tools/bin/../lib/gcc/arm-none-eabi/12.3.1/thumb/v7e-m+dp/hard/libgcc.a
LOAD /Applications/STM32CubeIDE.app/Contents/Eclipse/plugins/com.st.stm32cube.ide.mcu.externaltools.gnu-tools-for-stm32.12.3.rel1.macos64_1.0.200.202406191456/tools/bin/../lib/gcc/arm-none-eabi/12.3.1/../../../../arm-none-eabi/lib/thumb/v7e-m+dp/hard/libc_nano.a
END GROUP
START GROUP
LOAD /Applications/STM32CubeIDE.app/Contents/Eclipse/plugins/com.st.stm32cube.ide.mcu.externaltools.gnu-tools-for-stm32.12.3.rel1.macos64_1.0.200.202406191456/tools/bin/../lib/gcc/arm-none-eabi/12.3.1/thumb/v7e-m+dp/hard/libgcc.a
LOAD /Applications/STM32CubeIDE.app/Contents/Eclipse/plugins/com.st.stm32cube.ide.mcu.externaltools.gnu-tools-for-stm32.12.3.rel1.macos64_1.0.200.202406191456/tools/bin/../lib/gcc/arm-none-eabi/12.3.1/../../../../arm-none-eabi/lib/thumb/v7e-m+dp/hard/libc_nano.a
LOAD /Applications/STM32CubeIDE.app/Contents/Eclipse/plugins/com.st.stm32cube.ide.mcu.externaltools.gnu-tools-for-stm32.12.3.rel1.macos64_1.0.200.202406191456/tools/bin/../lib/gcc/arm-none-eabi/12.3.1/../../../../arm-none-eabi/lib/thumb/v7e-m+dp/hard/libnosys.a
END GROUP
START GROUP
LOAD /Applications/STM32CubeIDE.app/Contents/Eclipse/plugins/com.st.stm32cube.ide.mcu.externaltools.gnu-tools-for-stm32.12.3.rel1.macos64_1.0.200.202406191456/tools/bin/../lib/gcc/arm-none-eabi/12.3.1/thumb/v7e-m+dp/hard/libgcc.a
LOAD /Applications/STM32CubeIDE.app/Contents/Eclipse/plugins/com.st.stm32cube.ide.mcu.externaltools.gnu-tools-for-stm32.12.3.rel1.macos64_1.0.200.202406191456/tools/bin/../lib/gcc/arm-none-eabi/12.3.1/../../../../arm-none-eabi/lib/thumb/v7e-m+dp/hard/libc_nano.a
LOAD /Applications/STM32CubeIDE.app/Contents/Eclipse/plugins/com.st.stm32cube.ide.mcu.externaltools.gnu-tools-for-stm32.12.3.rel1.macos64_1.0.200.202406191456/tools/bin/../lib/gcc/arm-none-eabi/12.3.1/../../../../arm-none-eabi/lib/thumb/v7e-m+dp/hard/libnosys.a
END GROUP
LOAD /Applications/STM32CubeIDE.app/Contents/Eclipse/plugins/com.st.stm32cube.ide.mcu.externaltools.gnu-tools-for-stm32.12.3.rel1.macos64_1.0.200.202406191456/tools/bin/../lib/gcc/arm-none-eabi/12.3.1/thumb/v7e-m+dp/hard/crtend.o
LOAD /Applications/STM32CubeIDE.app/Contents/Eclipse/plugins/com.st.stm32cube.ide.mcu.externaltools.gnu-tools-for-stm32.12.3.rel1.macos64_1.0.200.202406191456/tools/bin/../lib/gcc/arm-none-eabi/12.3.1/thumb/v7e-m+dp/hard/crtn.o
                0x24050000                        _estack = (ORIGIN (RAM_D1) + LENGTH (RAM_D1))
                0x00000200                        _Min_Heap_Size = 0x200
                0x00000400                        _Min_Stack_Size = 0x400

.isr_vector     0x08000000      0x2cc
                0x08000000                        . = ALIGN (0x4)
 *(.isr_vector)
 .isr_vector    0x08000000      0x2cc ./Core/Startup/startup_stm32h723vgtx.o
                0x08000000                g_pfnVectors
                0x080002cc                        . = ALIGN (0x4)

.text           0x080002cc     0x9010
                0x080002cc                        . = ALIGN (0x4)
 *(.text)
 .text          0x080002cc       0x40 /Applications/STM32CubeIDE.app/Contents/Eclipse/plugins/com.st.stm32cube.ide.mcu.externaltools.gnu-tools-for-stm32.12.3.rel1.macos64_1.0.200.202406191456/tools/bin/../lib/gcc/arm-none-eabi/12.3.1/thumb/v7e-m+dp/hard/crtbegin.o
 *(.text*)
 .text.PCM3060_Init
                0x0800030c       0x80 ./Core/Src/PCM3060-Codec.o
                0x0800030c                PCM3060_Init
 .text.PCM3060_Reset
                0x0800038c       0x2c ./Core/Src/PCM3060-Codec.o
                0x0800038c                PCM3060_Reset
 .text.PCM3060_RegWrite
                0x080003b8       0x3c ./Core/Src/PCM3060-Codec.o
                0x080003b8                PCM3060_RegWrite
 .text.PCM3060_RegRead
                0x080003f4       0x38 ./Core/Src/PCM3060-Codec.o
                0x080003f4                PCM3060_RegRead
 .text.HAL_I2SEx_TxRxHalfCpltCallback
                0x0800042c       0x3c ./Core/Src/main.o
                0x0800042c                HAL_I2SEx_TxRxHalfCpltCallback
 .text.HAL_I2SEx_TxRxCpltCallback
                0x08000468       0x3c ./Core/Src/main.o
                0x08000468                HAL_I2SEx_TxRxCpltCallback
 .text.processData
                0x080004a4      0x104 ./Core/Src/main.o
                0x080004a4                processData
 .text.main     0x080005a8       0xa0 ./Core/Src/main.o
                0x080005a8                main
 .text.SystemClock_Config
                0x08000648       0xdc ./Core/Src/main.o
                0x08000648                SystemClock_Config
 .text.MX_I2C2_Init
                0x08000724       0x80 ./Core/Src/main.o
 .text.MX_I2S1_Init
                0x080007a4       0x68 ./Core/Src/main.o
 .text.MX_TIM4_Init
                0x0800080c      0x11c ./Core/Src/main.o
 .text.MX_DMA_Init
                0x08000928       0x60 ./Core/Src/main.o
 .text.MX_GPIO_Init
                0x08000988       0xe4 ./Core/Src/main.o
 .text.Error_Handler
                0x08000a6c        0xc ./Core/Src/main.o
                0x08000a6c                Error_Handler
 .text.HAL_MspInit
                0x08000a78       0x34 ./Core/Src/stm32h7xx_hal_msp.o
                0x08000a78                HAL_MspInit
 .text.HAL_I2C_MspInit
                0x08000aac       0xd4 ./Core/Src/stm32h7xx_hal_msp.o
                0x08000aac                HAL_I2C_MspInit
 .text.HAL_I2S_MspInit
                0x08000b80      0x1f0 ./Core/Src/stm32h7xx_hal_msp.o
                0x08000b80                HAL_I2S_MspInit
 .text.HAL_TIM_Base_MspInit
                0x08000d70       0x44 ./Core/Src/stm32h7xx_hal_msp.o
                0x08000d70                HAL_TIM_Base_MspInit
 .text.HAL_TIM_MspPostInit
                0x08000db4       0x78 ./Core/Src/stm32h7xx_hal_msp.o
                0x08000db4                HAL_TIM_MspPostInit
 .text.NMI_Handler
                0x08000e2c        0x8 ./Core/Src/stm32h7xx_it.o
                0x08000e2c                NMI_Handler
 .text.HardFault_Handler
                0x08000e34        0x8 ./Core/Src/stm32h7xx_it.o
                0x08000e34                HardFault_Handler
 .text.MemManage_Handler
                0x08000e3c        0x8 ./Core/Src/stm32h7xx_it.o
                0x08000e3c                MemManage_Handler
 .text.BusFault_Handler
                0x08000e44        0x8 ./Core/Src/stm32h7xx_it.o
                0x08000e44                BusFault_Handler
 .text.UsageFault_Handler
                0x08000e4c        0x8 ./Core/Src/stm32h7xx_it.o
                0x08000e4c                UsageFault_Handler
 .text.SVC_Handler
                0x08000e54        0xe ./Core/Src/stm32h7xx_it.o
                0x08000e54                SVC_Handler
 .text.DebugMon_Handler
                0x08000e62        0xe ./Core/Src/stm32h7xx_it.o
                0x08000e62                DebugMon_Handler
 .text.PendSV_Handler
                0x08000e70        0xe ./Core/Src/stm32h7xx_it.o
                0x08000e70                PendSV_Handler
 .text.SysTick_Handler
                0x08000e7e        0xc ./Core/Src/stm32h7xx_it.o
                0x08000e7e                SysTick_Handler
 *fill*         0x08000e8a        0x2 
 .text.DMA1_Stream0_IRQHandler
                0x08000e8c       0x14 ./Core/Src/stm32h7xx_it.o
                0x08000e8c                DMA1_Stream0_IRQHandler
 .text.DMA1_Stream1_IRQHandler
                0x08000ea0       0x14 ./Core/Src/stm32h7xx_it.o
                0x08000ea0                DMA1_Stream1_IRQHandler
 .text.DMAMUX1_OVR_IRQHandler
                0x08000eb4        0xe ./Core/Src/stm32h7xx_it.o
                0x08000eb4                DMAMUX1_OVR_IRQHandler
 *fill*         0x08000ec2        0x2 
 .text.SystemInit
                0x08000ec4       0xf0 ./Core/Src/system_stm32h7xx.o
                0x08000ec4                SystemInit
 .text.Reset_Handler
                0x08000fb4       0x50 ./Core/Startup/startup_stm32h723vgtx.o
                0x08000fb4                Reset_Handler
 .text.Default_Handler
                0x08001004        0x2 ./Core/Startup/startup_stm32h723vgtx.o
                0x08001004                DMA1_Stream3_IRQHandler
                0x08001004                EXTI2_IRQHandler
                0x08001004                TIM8_CC_IRQHandler
                0x08001004                UART8_IRQHandler
                0x08001004                SPI4_IRQHandler
                0x08001004                FDCAN3_IT0_IRQHandler
                0x08001004                TIM1_CC_IRQHandler
                0x08001004                BDMA_Channel6_IRQHandler
                0x08001004                DMA2_Stream5_IRQHandler
                0x08001004                DMA1_Stream5_IRQHandler
                0x08001004                CORDIC_IRQHandler
                0x08001004                BDMA_Channel1_IRQHandler
                0x08001004                TAMP_STAMP_IRQHandler
                0x08001004                EXTI3_IRQHandler
                0x08001004                LPTIM4_IRQHandler
                0x08001004                TIM8_TRG_COM_TIM14_IRQHandler
                0x08001004                LPTIM2_IRQHandler
                0x08001004                DFSDM1_FLT1_IRQHandler
                0x08001004                DMAMUX2_OVR_IRQHandler
                0x08001004                TIM8_UP_TIM13_IRQHandler
                0x08001004                I2C3_ER_IRQHandler
                0x08001004                DFSDM1_FLT2_IRQHandler
                0x08001004                I2C5_EV_IRQHandler
                0x08001004                USART10_IRQHandler
                0x08001004                MDMA_IRQHandler
                0x08001004                LPTIM3_IRQHandler
                0x08001004                HSEM1_IRQHandler
                0x08001004                EXTI0_IRQHandler
                0x08001004                I2C2_EV_IRQHandler
                0x08001004                DMA1_Stream2_IRQHandler
                0x08001004                FPU_IRQHandler
                0x08001004                OTG_HS_WKUP_IRQHandler
                0x08001004                FDCAN1_IT1_IRQHandler
                0x08001004                LTDC_ER_IRQHandler
                0x08001004                DMA2_Stream2_IRQHandler
                0x08001004                SPI1_IRQHandler
                0x08001004                OCTOSPI1_IRQHandler
                0x08001004                TIM6_DAC_IRQHandler
                0x08001004                DMA2_Stream3_IRQHandler
                0x08001004                OCTOSPI2_IRQHandler
                0x08001004                DFSDM1_FLT3_IRQHandler
                0x08001004                TIM23_IRQHandler
                0x08001004                USART6_IRQHandler
                0x08001004                TIM17_IRQHandler
                0x08001004                USART3_IRQHandler
                0x08001004                BDMA_Channel7_IRQHandler
                0x08001004                LPTIM5_IRQHandler
                0x08001004                UART5_IRQHandler
                0x08001004                ADC3_IRQHandler
                0x08001004                DMA2_Stream0_IRQHandler
                0x08001004                TIM4_IRQHandler
                0x08001004                BDMA_Channel2_IRQHandler
                0x08001004                I2C1_EV_IRQHandler
                0x08001004                DMA1_Stream6_IRQHandler
                0x08001004                TIM16_IRQHandler
                0x08001004                UART4_IRQHandler
                0x08001004                BDMA_Channel5_IRQHandler
                0x08001004                TIM3_IRQHandler
                0x08001004                RCC_IRQHandler
                0x08001004                UART9_IRQHandler
                0x08001004                TIM8_BRK_TIM12_IRQHandler
                0x08001004                TIM1_TRG_COM_IRQHandler
                0x08001004                Default_Handler
                0x08001004                ECC_IRQHandler
                0x08001004                FMAC_IRQHandler
                0x08001004                CEC_IRQHandler
                0x08001004                EXTI15_10_IRQHandler
                0x08001004                BDMA_Channel0_IRQHandler
                0x08001004                ADC_IRQHandler
                0x08001004                I2C5_ER_IRQHandler
                0x08001004                DMA1_Stream7_IRQHandler
                0x08001004                SPI5_IRQHandler
                0x08001004                TIM7_IRQHandler
                0x08001004                FDCAN3_IT1_IRQHandler
                0x08001004                SDMMC1_IRQHandler
                0x08001004                TIM5_IRQHandler
                0x08001004                DMA2_Stream7_IRQHandler
                0x08001004                TIM15_IRQHandler
                0x08001004                PVD_AVD_IRQHandler
                0x08001004                I2C3_EV_IRQHandler
                0x08001004                EXTI9_5_IRQHandler
                0x08001004                RTC_WKUP_IRQHandler
                0x08001004                LTDC_IRQHandler
                0x08001004                ETH_WKUP_IRQHandler
                0x08001004                SPDIF_RX_IRQHandler
                0x08001004                SPI2_IRQHandler
                0x08001004                OTG_HS_EP1_IN_IRQHandler
                0x08001004                TIM24_IRQHandler
                0x08001004                CRS_IRQHandler
                0x08001004                EXTI4_IRQHandler
                0x08001004                RNG_IRQHandler
                0x08001004                FDCAN2_IT1_IRQHandler
                0x08001004                ETH_IRQHandler
                0x08001004                TIM1_UP_IRQHandler
                0x08001004                BDMA_Channel4_IRQHandler
                0x08001004                OTG_HS_EP1_OUT_IRQHandler
                0x08001004                WWDG_IRQHandler
                0x08001004                SPI6_IRQHandler
                0x08001004                MDIOS_IRQHandler
                0x08001004                I2C4_EV_IRQHandler
                0x08001004                FDCAN2_IT0_IRQHandler
                0x08001004                LPUART1_IRQHandler
                0x08001004                FDCAN1_IT0_IRQHandler
                0x08001004                TIM2_IRQHandler
                0x08001004                OTG_HS_IRQHandler
                0x08001004                DMA2D_IRQHandler
                0x08001004                TIM1_BRK_IRQHandler
                0x08001004                EXTI1_IRQHandler
                0x08001004                SDMMC2_IRQHandler
                0x08001004                BDMA_Channel3_IRQHandler
                0x08001004                DTS_IRQHandler
                0x08001004                UART7_IRQHandler
                0x08001004                MDIOS_WKUP_IRQHandler
                0x08001004                USART2_IRQHandler
                0x08001004                DFSDM1_FLT0_IRQHandler
                0x08001004                SAI4_IRQHandler
                0x08001004                I2C2_ER_IRQHandler
                0x08001004                DMA2_Stream1_IRQHandler
                0x08001004                FLASH_IRQHandler
                0x08001004                DMA2_Stream4_IRQHandler
                0x08001004                USART1_IRQHandler
                0x08001004                SPI3_IRQHandler
                0x08001004                WAKEUP_PIN_IRQHandler
                0x08001004                DMA1_Stream4_IRQHandler
                0x08001004                I2C1_ER_IRQHandler
                0x08001004                FMC_IRQHandler
                0x08001004                FDCAN_CAL_IRQHandler
                0x08001004                SWPMI1_IRQHandler
                0x08001004                COMP1_IRQHandler
                0x08001004                LPTIM1_IRQHandler
                0x08001004                DCMI_PSSI_IRQHandler
                0x08001004                I2C4_ER_IRQHandler
                0x08001004                DMA2_Stream6_IRQHandler
                0x08001004                SAI1_IRQHandler
                0x08001004                RTC_Alarm_IRQHandler
 *fill*         0x08001006        0x2 
 .text.HAL_Init
                0x08001008       0x78 ./Drivers/STM32H7xx_HAL_Driver/Src/stm32h7xx_hal.o
                0x08001008                HAL_Init
 .text.HAL_InitTick
                0x08001080       0x6c ./Drivers/STM32H7xx_HAL_Driver/Src/stm32h7xx_hal.o
                0x08001080                HAL_InitTick
 .text.HAL_IncTick
                0x080010ec       0x28 ./Drivers/STM32H7xx_HAL_Driver/Src/stm32h7xx_hal.o
                0x080010ec                HAL_IncTick
 .text.HAL_GetTick
                0x08001114       0x18 ./Drivers/STM32H7xx_HAL_Driver/Src/stm32h7xx_hal.o
                0x08001114                HAL_GetTick
 .text.HAL_Delay
                0x0800112c       0x48 ./Drivers/STM32H7xx_HAL_Driver/Src/stm32h7xx_hal.o
                0x0800112c                HAL_Delay
 .text.__NVIC_SetPriorityGrouping
                0x08001174       0x48 ./Drivers/STM32H7xx_HAL_Driver/Src/stm32h7xx_hal_cortex.o
 .text.__NVIC_GetPriorityGrouping
                0x080011bc       0x1c ./Drivers/STM32H7xx_HAL_Driver/Src/stm32h7xx_hal_cortex.o
 .text.__NVIC_EnableIRQ
                0x080011d8       0x3c ./Drivers/STM32H7xx_HAL_Driver/Src/stm32h7xx_hal_cortex.o
 .text.__NVIC_SetPriority
                0x08001214       0x54 ./Drivers/STM32H7xx_HAL_Driver/Src/stm32h7xx_hal_cortex.o
 .text.NVIC_EncodePriority
                0x08001268       0x66 ./Drivers/STM32H7xx_HAL_Driver/Src/stm32h7xx_hal_cortex.o
 *fill*         0x080012ce        0x2 
 .text.SysTick_Config
                0x080012d0       0x44 ./Drivers/STM32H7xx_HAL_Driver/Src/stm32h7xx_hal_cortex.o
 .text.HAL_NVIC_SetPriorityGrouping
                0x08001314       0x16 ./Drivers/STM32H7xx_HAL_Driver/Src/stm32h7xx_hal_cortex.o
                0x08001314                HAL_NVIC_SetPriorityGrouping
 .text.HAL_NVIC_SetPriority
                0x0800132a       0x34 ./Drivers/STM32H7xx_HAL_Driver/Src/stm32h7xx_hal_cortex.o
                0x0800132a                HAL_NVIC_SetPriority
 .text.HAL_NVIC_EnableIRQ
                0x0800135e       0x1c ./Drivers/STM32H7xx_HAL_Driver/Src/stm32h7xx_hal_cortex.o
                0x0800135e                HAL_NVIC_EnableIRQ
 .text.HAL_SYSTICK_Config
                0x0800137a       0x18 ./Drivers/STM32H7xx_HAL_Driver/Src/stm32h7xx_hal_cortex.o
                0x0800137a                HAL_SYSTICK_Config
 *fill*         0x08001392        0x2 
 .text.HAL_DMA_Init
                0x08001394      0x6b0 ./Drivers/STM32H7xx_HAL_Driver/Src/stm32h7xx_hal_dma.o
                0x08001394                HAL_DMA_Init
 .text.HAL_DMA_Start_IT
                0x08001a44      0x4d4 ./Drivers/STM32H7xx_HAL_Driver/Src/stm32h7xx_hal_dma.o
                0x08001a44                HAL_DMA_Start_IT
 .text.HAL_DMA_IRQHandler
                0x08001f18      0xe54 ./Drivers/STM32H7xx_HAL_Driver/Src/stm32h7xx_hal_dma.o
                0x08001f18                HAL_DMA_IRQHandler
 .text.DMA_SetConfig
                0x08002d6c      0x358 ./Drivers/STM32H7xx_HAL_Driver/Src/stm32h7xx_hal_dma.o
 .text.DMA_CalcBaseAndBitshift
                0x080030c4      0x164 ./Drivers/STM32H7xx_HAL_Driver/Src/stm32h7xx_hal_dma.o
 .text.DMA_CheckFifoParam
                0x08003228       0xf8 ./Drivers/STM32H7xx_HAL_Driver/Src/stm32h7xx_hal_dma.o
 .text.DMA_CalcDMAMUXChannelBaseAndMask
                0x08003320      0x134 ./Drivers/STM32H7xx_HAL_Driver/Src/stm32h7xx_hal_dma.o
 .text.DMA_CalcDMAMUXRequestGenBaseAndMask
                0x08003454       0xe8 ./Drivers/STM32H7xx_HAL_Driver/Src/stm32h7xx_hal_dma.o
 .text.HAL_GPIO_Init
                0x0800353c      0x350 ./Drivers/STM32H7xx_HAL_Driver/Src/stm32h7xx_hal_gpio.o
                0x0800353c                HAL_GPIO_Init
 .text.HAL_GPIO_WritePin
                0x0800388c       0x32 ./Drivers/STM32H7xx_HAL_Driver/Src/stm32h7xx_hal_gpio.o
                0x0800388c                HAL_GPIO_WritePin
 *fill*         0x080038be        0x2 
 .text.HAL_I2C_Init
                0x080038c0      0x138 ./Drivers/STM32H7xx_HAL_Driver/Src/stm32h7xx_hal_i2c.o
                0x080038c0                HAL_I2C_Init
 .text.HAL_I2C_Mem_Write
                0x080039f8      0x228 ./Drivers/STM32H7xx_HAL_Driver/Src/stm32h7xx_hal_i2c.o
                0x080039f8                HAL_I2C_Mem_Write
 .text.HAL_I2C_Mem_Read
                0x08003c20      0x234 ./Drivers/STM32H7xx_HAL_Driver/Src/stm32h7xx_hal_i2c.o
                0x08003c20                HAL_I2C_Mem_Read
 .text.I2C_RequestMemoryWrite
                0x08003e54       0xa8 ./Drivers/STM32H7xx_HAL_Driver/Src/stm32h7xx_hal_i2c.o
 .text.I2C_RequestMemoryRead
                0x08003efc       0xa8 ./Drivers/STM32H7xx_HAL_Driver/Src/stm32h7xx_hal_i2c.o
 .text.I2C_Flush_TXDR
                0x08003fa4       0x48 ./Drivers/STM32H7xx_HAL_Driver/Src/stm32h7xx_hal_i2c.o
 .text.I2C_WaitOnFlagUntilTimeout
                0x08003fec       0xb2 ./Drivers/STM32H7xx_HAL_Driver/Src/stm32h7xx_hal_i2c.o
 .text.I2C_WaitOnTXISFlagUntilTimeout
                0x0800409e       0x8e ./Drivers/STM32H7xx_HAL_Driver/Src/stm32h7xx_hal_i2c.o
 .text.I2C_WaitOnSTOPFlagUntilTimeout
                0x0800412c       0x86 ./Drivers/STM32H7xx_HAL_Driver/Src/stm32h7xx_hal_i2c.o
 *fill*         0x080041b2        0x2 
 .text.I2C_IsErrorOccurred
                0x080041b4      0x1c0 ./Drivers/STM32H7xx_HAL_Driver/Src/stm32h7xx_hal_i2c.o
 .text.I2C_TransferConfig
                0x08004374       0x64 ./Drivers/STM32H7xx_HAL_Driver/Src/stm32h7xx_hal_i2c.o
 .text.HAL_I2CEx_ConfigAnalogFilter
                0x080043d8       0x96 ./Drivers/STM32H7xx_HAL_Driver/Src/stm32h7xx_hal_i2c_ex.o
                0x080043d8                HAL_I2CEx_ConfigAnalogFilter
 .text.HAL_I2CEx_ConfigDigitalFilter
                0x0800446e       0x98 ./Drivers/STM32H7xx_HAL_Driver/Src/stm32h7xx_hal_i2c_ex.o
                0x0800446e                HAL_I2CEx_ConfigDigitalFilter
 *fill*         0x08004506        0x2 
 .text.HAL_I2S_Init
                0x08004508      0x260 ./Drivers/STM32H7xx_HAL_Driver/Src/stm32h7xx_hal_i2s.o
                0x08004508                HAL_I2S_Init
 .text.HAL_I2SEx_TransmitReceive_DMA
                0x08004768      0x1c0 ./Drivers/STM32H7xx_HAL_Driver/Src/stm32h7xx_hal_i2s.o
                0x08004768                HAL_I2SEx_TransmitReceive_DMA
 .text.HAL_I2S_ErrorCallback
                0x08004928       0x14 ./Drivers/STM32H7xx_HAL_Driver/Src/stm32h7xx_hal_i2s.o
                0x08004928                HAL_I2S_ErrorCallback
 .text.I2SEx_DMATxRxCplt
                0x0800493c       0x58 ./Drivers/STM32H7xx_HAL_Driver/Src/stm32h7xx_hal_i2s.o
 .text.I2SEx_DMATxRxHalfCplt
                0x08004994       0x1c ./Drivers/STM32H7xx_HAL_Driver/Src/stm32h7xx_hal_i2s.o
 .text.I2S_DMAError
                0x080049b0       0x4c ./Drivers/STM32H7xx_HAL_Driver/Src/stm32h7xx_hal_i2s.o
 .text.HAL_PWREx_ConfigSupply
                0x080049fc       0x74 ./Drivers/STM32H7xx_HAL_Driver/Src/stm32h7xx_hal_pwr_ex.o
                0x080049fc                HAL_PWREx_ConfigSupply
 .text.HAL_RCC_OscConfig
                0x08004a70      0x7b4 ./Drivers/STM32H7xx_HAL_Driver/Src/stm32h7xx_hal_rcc.o
                0x08004a70                HAL_RCC_OscConfig
 .text.HAL_RCC_ClockConfig
                0x08005224      0x36c ./Drivers/STM32H7xx_HAL_Driver/Src/stm32h7xx_hal_rcc.o
                0x08005224                HAL_RCC_ClockConfig
 .text.HAL_RCC_GetSysClockFreq
                0x08005590      0x2f4 ./Drivers/STM32H7xx_HAL_Driver/Src/stm32h7xx_hal_rcc.o
                0x08005590                HAL_RCC_GetSysClockFreq
 .text.HAL_RCC_GetHCLKFreq
                0x08005884       0x60 ./Drivers/STM32H7xx_HAL_Driver/Src/stm32h7xx_hal_rcc.o
                0x08005884                HAL_RCC_GetHCLKFreq
 .text.HAL_RCC_GetPCLK1Freq
                0x080058e4       0x2c ./Drivers/STM32H7xx_HAL_Driver/Src/stm32h7xx_hal_rcc.o
                0x080058e4                HAL_RCC_GetPCLK1Freq
 .text.HAL_RCCEx_PeriphCLKConfig
                0x08005910     0x1340 ./Drivers/STM32H7xx_HAL_Driver/Src/stm32h7xx_hal_rcc_ex.o
                0x08005910                HAL_RCCEx_PeriphCLKConfig
 .text.HAL_RCCEx_GetPeriphCLKFreq
                0x08006c50      0x9a4 ./Drivers/STM32H7xx_HAL_Driver/Src/stm32h7xx_hal_rcc_ex.o
                0x08006c50                HAL_RCCEx_GetPeriphCLKFreq
 .text.HAL_RCCEx_GetD3PCLK1Freq
                0x080075f4       0x2c ./Drivers/STM32H7xx_HAL_Driver/Src/stm32h7xx_hal_rcc_ex.o
                0x080075f4                HAL_RCCEx_GetD3PCLK1Freq
 .text.HAL_RCCEx_GetPLL2ClockFreq
                0x08007620      0x2a8 ./Drivers/STM32H7xx_HAL_Driver/Src/stm32h7xx_hal_rcc_ex.o
                0x08007620                HAL_RCCEx_GetPLL2ClockFreq
 .text.HAL_RCCEx_GetPLL3ClockFreq
                0x080078c8      0x2a8 ./Drivers/STM32H7xx_HAL_Driver/Src/stm32h7xx_hal_rcc_ex.o
                0x080078c8                HAL_RCCEx_GetPLL3ClockFreq
 .text.HAL_RCCEx_GetPLL1ClockFreq
                0x08007b70      0x2a4 ./Drivers/STM32H7xx_HAL_Driver/Src/stm32h7xx_hal_rcc_ex.o
                0x08007b70                HAL_RCCEx_GetPLL1ClockFreq
 .text.RCCEx_PLL2_Config
                0x08007e14      0x164 ./Drivers/STM32H7xx_HAL_Driver/Src/stm32h7xx_hal_rcc_ex.o
 .text.RCCEx_PLL3_Config
                0x08007f78      0x164 ./Drivers/STM32H7xx_HAL_Driver/Src/stm32h7xx_hal_rcc_ex.o
 .text.HAL_TIM_Base_Init
                0x080080dc       0xae ./Drivers/STM32H7xx_HAL_Driver/Src/stm32h7xx_hal_tim.o
                0x080080dc                HAL_TIM_Base_Init
 .text.HAL_TIM_PWM_Init
                0x0800818a       0xae ./Drivers/STM32H7xx_HAL_Driver/Src/stm32h7xx_hal_tim.o
                0x0800818a                HAL_TIM_PWM_Init
 .text.HAL_TIM_PWM_MspInit
                0x08008238       0x14 ./Drivers/STM32H7xx_HAL_Driver/Src/stm32h7xx_hal_tim.o
                0x08008238                HAL_TIM_PWM_MspInit
 .text.HAL_TIM_PWM_Start
                0x0800824c      0x238 ./Drivers/STM32H7xx_HAL_Driver/Src/stm32h7xx_hal_tim.o
                0x0800824c                HAL_TIM_PWM_Start
 .text.HAL_TIM_PWM_ConfigChannel
                0x08008484      0x228 ./Drivers/STM32H7xx_HAL_Driver/Src/stm32h7xx_hal_tim.o
                0x08008484                HAL_TIM_PWM_ConfigChannel
 .text.HAL_TIM_ConfigClockSource
                0x080086ac      0x1f0 ./Drivers/STM32H7xx_HAL_Driver/Src/stm32h7xx_hal_tim.o
                0x080086ac                HAL_TIM_ConfigClockSource
 .text.TIM_Base_SetConfig
                0x0800889c      0x164 ./Drivers/STM32H7xx_HAL_Driver/Src/stm32h7xx_hal_tim.o
                0x0800889c                TIM_Base_SetConfig
 .text.TIM_OC1_SetConfig
                0x08008a00      0x120 ./Drivers/STM32H7xx_HAL_Driver/Src/stm32h7xx_hal_tim.o
 .text.TIM_OC2_SetConfig
                0x08008b20      0x114 ./Drivers/STM32H7xx_HAL_Driver/Src/stm32h7xx_hal_tim.o
                0x08008b20                TIM_OC2_SetConfig
 .text.TIM_OC3_SetConfig
                0x08008c34      0x110 ./Drivers/STM32H7xx_HAL_Driver/Src/stm32h7xx_hal_tim.o
 .text.TIM_OC4_SetConfig
                0x08008d44       0xd4 ./Drivers/STM32H7xx_HAL_Driver/Src/stm32h7xx_hal_tim.o
 .text.TIM_OC5_SetConfig
                0x08008e18       0xc8 ./Drivers/STM32H7xx_HAL_Driver/Src/stm32h7xx_hal_tim.o
 .text.TIM_OC6_SetConfig
                0x08008ee0       0xcc ./Drivers/STM32H7xx_HAL_Driver/Src/stm32h7xx_hal_tim.o
 .text.TIM_TI1_ConfigInputStage
                0x08008fac       0x5e ./Drivers/STM32H7xx_HAL_Driver/Src/stm32h7xx_hal_tim.o
 .text.TIM_TI2_ConfigInputStage
                0x0800900a       0x60 ./Drivers/STM32H7xx_HAL_Driver/Src/stm32h7xx_hal_tim.o
 *fill*         0x0800906a        0x2 
 .text.TIM_ITRx_SetConfig
                0x0800906c       0x3c ./Drivers/STM32H7xx_HAL_Driver/Src/stm32h7xx_hal_tim.o
 .text.TIM_ETR_SetConfig
                0x080090a8       0x40 ./Drivers/STM32H7xx_HAL_Driver/Src/stm32h7xx_hal_tim.o
                0x080090a8                TIM_ETR_SetConfig
 .text.TIM_CCxChannelCmd
                0x080090e8       0x4a ./Drivers/STM32H7xx_HAL_Driver/Src/stm32h7xx_hal_tim.o
                0x080090e8                TIM_CCxChannelCmd
 *fill*         0x08009132        0x2 
 .text.HAL_TIMEx_MasterConfigSynchronization
                0x08009134      0x138 ./Drivers/STM32H7xx_HAL_Driver/Src/stm32h7xx_hal_tim_ex.o
                0x08009134                HAL_TIMEx_MasterConfigSynchronization
 .text.memset   0x0800926c       0x10 /Applications/STM32CubeIDE.app/Contents/Eclipse/plugins/com.st.stm32cube.ide.mcu.externaltools.gnu-tools-for-stm32.12.3.rel1.macos64_1.0.200.202406191456/tools/bin/../lib/gcc/arm-none-eabi/12.3.1/../../../../arm-none-eabi/lib/thumb/v7e-m+dp/hard/libc_nano.a(libc_a-memset.o)
                0x0800926c                memset
 .text.__libc_init_array
                0x0800927c       0x48 /Applications/STM32CubeIDE.app/Contents/Eclipse/plugins/com.st.stm32cube.ide.mcu.externaltools.gnu-tools-for-stm32.12.3.rel1.macos64_1.0.200.202406191456/tools/bin/../lib/gcc/arm-none-eabi/12.3.1/../../../../arm-none-eabi/lib/thumb/v7e-m+dp/hard/libc_nano.a(libc_a-init.o)
                0x0800927c                __libc_init_array
 *(.glue_7)
 .glue_7        0x080092c4        0x0 linker stubs
 *(.glue_7t)
 .glue_7t       0x080092c4        0x0 linker stubs
 *(.eh_frame)
 .eh_frame      0x080092c4        0x0 /Applications/STM32CubeIDE.app/Contents/Eclipse/plugins/com.st.stm32cube.ide.mcu.externaltools.gnu-tools-for-stm32.12.3.rel1.macos64_1.0.200.202406191456/tools/bin/../lib/gcc/arm-none-eabi/12.3.1/thumb/v7e-m+dp/hard/crtbegin.o
 *(.init)
 .init          0x080092c4        0x4 /Applications/STM32CubeIDE.app/Contents/Eclipse/plugins/com.st.stm32cube.ide.mcu.externaltools.gnu-tools-for-stm32.12.3.rel1.macos64_1.0.200.202406191456/tools/bin/../lib/gcc/arm-none-eabi/12.3.1/thumb/v7e-m+dp/hard/crti.o
                0x080092c4                _init
 .init          0x080092c8        0x8 /Applications/STM32CubeIDE.app/Contents/Eclipse/plugins/com.st.stm32cube.ide.mcu.externaltools.gnu-tools-for-stm32.12.3.rel1.macos64_1.0.200.202406191456/tools/bin/../lib/gcc/arm-none-eabi/12.3.1/thumb/v7e-m+dp/hard/crtn.o
 *(.fini)
 .fini          0x080092d0        0x4 /Applications/STM32CubeIDE.app/Contents/Eclipse/plugins/com.st.stm32cube.ide.mcu.externaltools.gnu-tools-for-stm32.12.3.rel1.macos64_1.0.200.202406191456/tools/bin/../lib/gcc/arm-none-eabi/12.3.1/thumb/v7e-m+dp/hard/crti.o
                0x080092d0                _fini
 .fini          0x080092d4        0x8 /Applications/STM32CubeIDE.app/Contents/Eclipse/plugins/com.st.stm32cube.ide.mcu.externaltools.gnu-tools-for-stm32.12.3.rel1.macos64_1.0.200.202406191456/tools/bin/../lib/gcc/arm-none-eabi/12.3.1/thumb/v7e-m+dp/hard/crtn.o
                0x080092dc                        . = ALIGN (0x4)
                0x080092dc                        _etext = .

.vfp11_veneer   0x080092dc        0x0
 .vfp11_veneer  0x080092dc        0x0 linker stubs

.v4_bx          0x080092dc        0x0
 .v4_bx         0x080092dc        0x0 linker stubs

.iplt           0x080092dc        0x0
 .iplt          0x080092dc        0x0 /Applications/STM32CubeIDE.app/Contents/Eclipse/plugins/com.st.stm32cube.ide.mcu.externaltools.gnu-tools-for-stm32.12.3.rel1.macos64_1.0.200.202406191456/tools/bin/../lib/gcc/arm-none-eabi/12.3.1/thumb/v7e-m+dp/hard/crtbegin.o

.rodata         0x080092dc       0x18
                0x080092dc                        . = ALIGN (0x4)
 *(.rodata)
 *(.rodata*)
 .rodata.D1CorePrescTable
                0x080092dc       0x10 ./Core/Src/system_stm32h7xx.o
                0x080092dc                D1CorePrescTable
 .rodata.flagBitshiftOffset.0
                0x080092ec        0x8 ./Drivers/STM32H7xx_HAL_Driver/Src/stm32h7xx_hal_dma.o
                0x080092f4                        . = ALIGN (0x4)

.ARM.extab
 *(.ARM.extab* .gnu.linkonce.armextab.*)

.ARM            0x080092f4        0x0
                0x080092f4                        __exidx_start = .
 *(.ARM.exidx*)
                0x080092f4                        __exidx_end = .

.preinit_array  0x080092f4        0x0
                0x080092f4                        PROVIDE (__preinit_array_start = .)
 *(.preinit_array*)
                0x080092f4                        PROVIDE (__preinit_array_end = .)

.init_array     0x080092f4        0x4
                0x080092f4                        PROVIDE (__init_array_start = .)
 *(SORT_BY_NAME(.init_array.*))
 *(.init_array*)
 .init_array    0x080092f4        0x4 /Applications/STM32CubeIDE.app/Contents/Eclipse/plugins/com.st.stm32cube.ide.mcu.externaltools.gnu-tools-for-stm32.12.3.rel1.macos64_1.0.200.202406191456/tools/bin/../lib/gcc/arm-none-eabi/12.3.1/thumb/v7e-m+dp/hard/crtbegin.o
                0x080092f8                        PROVIDE (__init_array_end = .)

.fini_array     0x080092f8        0x4
                [!provide]                        PROVIDE (__fini_array_start = .)
 *(SORT_BY_NAME(.fini_array.*))
 *(.fini_array*)
 .fini_array    0x080092f8        0x4 /Applications/STM32CubeIDE.app/Contents/Eclipse/plugins/com.st.stm32cube.ide.mcu.externaltools.gnu-tools-for-stm32.12.3.rel1.macos64_1.0.200.202406191456/tools/bin/../lib/gcc/arm-none-eabi/12.3.1/thumb/v7e-m+dp/hard/crtbegin.o
                [!provide]                        PROVIDE (__fini_array_end = .)
                0x080092fc                        _sidata = LOADADDR (.data)

.rel.dyn        0x080092fc        0x0
 .rel.iplt      0x080092fc        0x0 /Applications/STM32CubeIDE.app/Contents/Eclipse/plugins/com.st.stm32cube.ide.mcu.externaltools.gnu-tools-for-stm32.12.3.rel1.macos64_1.0.200.202406191456/tools/bin/../lib/gcc/arm-none-eabi/12.3.1/thumb/v7e-m+dp/hard/crtbegin.o

.data           0x24000000       0x20 load address 0x080092fc
                0x24000000                        . = ALIGN (0x4)
                0x24000000                        _sdata = .
 *(.data)
 *(.data*)
 .data.PCM3060_REG_CONFIG_SETTINGS
                0x24000000        0xa ./Core/Src/PCM3060-Codec.o
                0x24000000                PCM3060_REG_CONFIG_SETTINGS
 *fill*         0x2400000a        0x2 
 .data.outBufPtr
                0x2400000c        0x4 ./Core/Src/main.o
 .data.SystemCoreClock
                0x24000010        0x4 ./Core/Src/system_stm32h7xx.o
                0x24000010                SystemCoreClock
 .data.SystemD2Clock
                0x24000014        0x4 ./Core/Src/system_stm32h7xx.o
                0x24000014                SystemD2Clock
 .data.uwTickPrio
                0x24000018        0x4 ./Drivers/STM32H7xx_HAL_Driver/Src/stm32h7xx_hal.o
                0x24000018                uwTickPrio
 .data.uwTickFreq
                0x2400001c        0x1 ./Drivers/STM32H7xx_HAL_Driver/Src/stm32h7xx_hal.o
                0x2400001c                uwTickFreq
 *(.RamFunc)
 *(.RamFunc*)
                0x24000020                        . = ALIGN (0x4)
 *fill*         0x2400001d        0x3 
                0x24000020                        _edata = .

.igot.plt       0x24000020        0x0 load address 0x0800931c
 .igot.plt      0x24000020        0x0 /Applications/STM32CubeIDE.app/Contents/Eclipse/plugins/com.st.stm32cube.ide.mcu.externaltools.gnu-tools-for-stm32.12.3.rel1.macos64_1.0.200.202406191456/tools/bin/../lib/gcc/arm-none-eabi/12.3.1/thumb/v7e-m+dp/hard/crtbegin.o
                0x24000020                        . = ALIGN (0x4)

.bss            0x24000020      0x61c load address 0x0800931c
                0x24000020                        _sbss = .
                0x24000020                        __bss_start__ = _sbss
 *(.bss)
 .bss           0x24000020       0x1c /Applications/STM32CubeIDE.app/Contents/Eclipse/plugins/com.st.stm32cube.ide.mcu.externaltools.gnu-tools-for-stm32.12.3.rel1.macos64_1.0.200.202406191456/tools/bin/../lib/gcc/arm-none-eabi/12.3.1/thumb/v7e-m+dp/hard/crtbegin.o
 *(.bss*)
 .bss.hi2c2     0x2400003c       0x54 ./Core/Src/main.o
                0x2400003c                hi2c2
 .bss.hi2s1     0x24000090       0x54 ./Core/Src/main.o
                0x24000090                hi2s1
 .bss.hdma_spi1_tx
                0x240000e4       0x78 ./Core/Src/main.o
                0x240000e4                hdma_spi1_tx
 .bss.hdma_spi1_rx
                0x2400015c       0x78 ./Core/Src/main.o
                0x2400015c                hdma_spi1_rx
 .bss.htim4     0x240001d4       0x4c ./Core/Src/main.o
                0x240001d4                htim4
 .bss.adcData   0x24000220      0x200 ./Core/Src/main.o
                0x24000220                adcData
 .bss.dacData   0x24000420      0x200 ./Core/Src/main.o
                0x24000420                dacData
 .bss.inBufPtr  0x24000620        0x4 ./Core/Src/main.o
 .bss.dataReady
                0x24000624        0x1 ./Core/Src/main.o
                0x24000624                dataReady
 *fill*         0x24000625        0x3 
 .bss.leftIn.3  0x24000628        0x4 ./Core/Src/main.o
 .bss.leftOut.2
                0x2400062c        0x4 ./Core/Src/main.o
 .bss.rightIn.1
                0x24000630        0x4 ./Core/Src/main.o
 .bss.rightOut.0
                0x24000634        0x4 ./Core/Src/main.o
 .bss.uwTick    0x24000638        0x4 ./Drivers/STM32H7xx_HAL_Driver/Src/stm32h7xx_hal.o
                0x24000638                uwTick
 *(COMMON)
                0x2400063c                        . = ALIGN (0x4)
                0x2400063c                        _ebss = .
                0x2400063c                        __bss_end__ = _ebss

._user_heap_stack
                0x2400063c      0x604 load address 0x0800931c
                0x24000640                        . = ALIGN (0x8)
 *fill*         0x2400063c        0x4 
                [!provide]                        PROVIDE (end = .)
                0x24000640                        PROVIDE (_end = .)
                0x24000840                        . = (. + _Min_Heap_Size)
 *fill*         0x24000640      0x200 
                0x24000c40                        . = (. + _Min_Stack_Size)
 *fill*         0x24000840      0x400 
                0x24000c40                        . = ALIGN (0x8)

/DISCARD/
 libc.a(*)
 libm.a(*)
 libgcc.a(*)

.ARM.attributes
                0x00000000       0x2e
 *(.ARM.attributes)
 .ARM.attributes
                0x00000000       0x20 /Applications/STM32CubeIDE.app/Contents/Eclipse/plugins/com.st.stm32cube.ide.mcu.externaltools.gnu-tools-for-stm32.12.3.rel1.macos64_1.0.200.202406191456/tools/bin/../lib/gcc/arm-none-eabi/12.3.1/thumb/v7e-m+dp/hard/crti.o
 .ARM.attributes
                0x00000020       0x32 /Applications/STM32CubeIDE.app/Contents/Eclipse/plugins/com.st.stm32cube.ide.mcu.externaltools.gnu-tools-for-stm32.12.3.rel1.macos64_1.0.200.202406191456/tools/bin/../lib/gcc/arm-none-eabi/12.3.1/thumb/v7e-m+dp/hard/crtbegin.o
 .ARM.attributes
                0x00000052       0x32 ./Core/Src/PCM3060-Codec.o
 .ARM.attributes
                0x00000084       0x32 ./Core/Src/main.o
 .ARM.attributes
                0x000000b6       0x32 ./Core/Src/stm32h7xx_hal_msp.o
 .ARM.attributes
                0x000000e8       0x32 ./Core/Src/stm32h7xx_it.o
 .ARM.attributes
                0x0000011a       0x32 ./Core/Src/system_stm32h7xx.o
 .ARM.attributes
                0x0000014c       0x21 ./Core/Startup/startup_stm32h723vgtx.o
 .ARM.attributes
                0x0000016d       0x32 ./Drivers/STM32H7xx_HAL_Driver/Src/stm32h7xx_hal.o
 .ARM.attributes
                0x0000019f       0x32 ./Drivers/STM32H7xx_HAL_Driver/Src/stm32h7xx_hal_cortex.o
 .ARM.attributes
                0x000001d1       0x32 ./Drivers/STM32H7xx_HAL_Driver/Src/stm32h7xx_hal_dma.o
 .ARM.attributes
                0x00000203       0x32 ./Drivers/STM32H7xx_HAL_Driver/Src/stm32h7xx_hal_gpio.o
 .ARM.attributes
                0x00000235       0x32 ./Drivers/STM32H7xx_HAL_Driver/Src/stm32h7xx_hal_i2c.o
 .ARM.attributes
                0x00000267       0x32 ./Drivers/STM32H7xx_HAL_Driver/Src/stm32h7xx_hal_i2c_ex.o
 .ARM.attributes
                0x00000299       0x32 ./Drivers/STM32H7xx_HAL_Driver/Src/stm32h7xx_hal_i2s.o
 .ARM.attributes
                0x000002cb       0x32 ./Drivers/STM32H7xx_HAL_Driver/Src/stm32h7xx_hal_pwr_ex.o
 .ARM.attributes
                0x000002fd       0x32 ./Drivers/STM32H7xx_HAL_Driver/Src/stm32h7xx_hal_rcc.o
 .ARM.attributes
                0x0000032f       0x32 ./Drivers/STM32H7xx_HAL_Driver/Src/stm32h7xx_hal_rcc_ex.o
 .ARM.attributes
                0x00000361       0x32 ./Drivers/STM32H7xx_HAL_Driver/Src/stm32h7xx_hal_tim.o
 .ARM.attributes
                0x00000393       0x32 ./Drivers/STM32H7xx_HAL_Driver/Src/stm32h7xx_hal_tim_ex.o
 .ARM.attributes
                0x000003c5       0x32 /Applications/STM32CubeIDE.app/Contents/Eclipse/plugins/com.st.stm32cube.ide.mcu.externaltools.gnu-tools-for-stm32.12.3.rel1.macos64_1.0.200.202406191456/tools/bin/../lib/gcc/arm-none-eabi/12.3.1/../../../../arm-none-eabi/lib/thumb/v7e-m+dp/hard/libc_nano.a(libc_a-memset.o)
 .ARM.attributes
                0x000003f7       0x32 /Applications/STM32CubeIDE.app/Contents/Eclipse/plugins/com.st.stm32cube.ide.mcu.externaltools.gnu-tools-for-stm32.12.3.rel1.macos64_1.0.200.202406191456/tools/bin/../lib/gcc/arm-none-eabi/12.3.1/../../../../arm-none-eabi/lib/thumb/v7e-m+dp/hard/libc_nano.a(libc_a-init.o)
 .ARM.attributes
                0x00000429       0x20 /Applications/STM32CubeIDE.app/Contents/Eclipse/plugins/com.st.stm32cube.ide.mcu.externaltools.gnu-tools-for-stm32.12.3.rel1.macos64_1.0.200.202406191456/tools/bin/../lib/gcc/arm-none-eabi/12.3.1/thumb/v7e-m+dp/hard/crtn.o
OUTPUT(GuitarBoard.elf elf32-littlearm)
LOAD linker stubs
LOAD /Applications/STM32CubeIDE.app/Contents/Eclipse/plugins/com.st.stm32cube.ide.mcu.externaltools.gnu-tools-for-stm32.12.3.rel1.macos64_1.0.200.202406191456/tools/bin/../lib/gcc/arm-none-eabi/12.3.1/../../../../arm-none-eabi/lib/thumb/v7e-m+dp/hard/libc.a
LOAD /Applications/STM32CubeIDE.app/Contents/Eclipse/plugins/com.st.stm32cube.ide.mcu.externaltools.gnu-tools-for-stm32.12.3.rel1.macos64_1.0.200.202406191456/tools/bin/../lib/gcc/arm-none-eabi/12.3.1/../../../../arm-none-eabi/lib/thumb/v7e-m+dp/hard/libm.a
LOAD /Applications/STM32CubeIDE.app/Contents/Eclipse/plugins/com.st.stm32cube.ide.mcu.externaltools.gnu-tools-for-stm32.12.3.rel1.macos64_1.0.200.202406191456/tools/bin/../lib/gcc/arm-none-eabi/12.3.1/thumb/v7e-m+dp/hard/libgcc.a

.debug_info     0x00000000    0x14253
 .debug_info    0x00000000      0x944 ./Core/Src/PCM3060-Codec.o
 .debug_info    0x00000944     0x1f41 ./Core/Src/main.o
 .debug_info    0x00002885     0x1847 ./Core/Src/stm32h7xx_hal_msp.o
 .debug_info    0x000040cc      0x471 ./Core/Src/stm32h7xx_it.o
 .debug_info    0x0000453d      0xb2e ./Core/Src/system_stm32h7xx.o
 .debug_info    0x0000506b       0x30 ./Core/Startup/startup_stm32h723vgtx.o
 .debug_info    0x0000509b     0x1698 ./Drivers/STM32H7xx_HAL_Driver/Src/stm32h7xx_hal.o
 .debug_info    0x00006733     0x10a0 ./Drivers/STM32H7xx_HAL_Driver/Src/stm32h7xx_hal_cortex.o
 .debug_info    0x000077d3      0xb67 ./Drivers/STM32H7xx_HAL_Driver/Src/stm32h7xx_hal_dma.o
 .debug_info    0x0000833a      0xc5c ./Drivers/STM32H7xx_HAL_Driver/Src/stm32h7xx_hal_gpio.o
 .debug_info    0x00008f96     0x22a1 ./Drivers/STM32H7xx_HAL_Driver/Src/stm32h7xx_hal_i2c.o
 .debug_info    0x0000b237      0xd95 ./Drivers/STM32H7xx_HAL_Driver/Src/stm32h7xx_hal_i2c_ex.o
 .debug_info    0x0000bfcc     0x10e5 ./Drivers/STM32H7xx_HAL_Driver/Src/stm32h7xx_hal_i2s.o
 .debug_info    0x0000d0b1      0xdc4 ./Drivers/STM32H7xx_HAL_Driver/Src/stm32h7xx_hal_pwr_ex.o
 .debug_info    0x0000de75      0xd73 ./Drivers/STM32H7xx_HAL_Driver/Src/stm32h7xx_hal_rcc.o
 .debug_info    0x0000ebe8     0x11fc ./Drivers/STM32H7xx_HAL_Driver/Src/stm32h7xx_hal_rcc_ex.o
 .debug_info    0x0000fde4     0x2bae ./Drivers/STM32H7xx_HAL_Driver/Src/stm32h7xx_hal_tim.o
 .debug_info    0x00012992     0x18c1 ./Drivers/STM32H7xx_HAL_Driver/Src/stm32h7xx_hal_tim_ex.o

.debug_abbrev   0x00000000     0x2814
 .debug_abbrev  0x00000000      0x1dc ./Core/Src/PCM3060-Codec.o
 .debug_abbrev  0x000001dc      0x364 ./Core/Src/main.o
 .debug_abbrev  0x00000540      0x29a ./Core/Src/stm32h7xx_hal_msp.o
 .debug_abbrev  0x000007da      0x16f ./Core/Src/stm32h7xx_it.o
 .debug_abbrev  0x00000949      0x13a ./Core/Src/system_stm32h7xx.o
 .debug_abbrev  0x00000a83       0x24 ./Core/Startup/startup_stm32h723vgtx.o
 .debug_abbrev  0x00000aa7      0x29e ./Drivers/STM32H7xx_HAL_Driver/Src/stm32h7xx_hal.o
 .debug_abbrev  0x00000d45      0x339 ./Drivers/STM32H7xx_HAL_Driver/Src/stm32h7xx_hal_cortex.o
 .debug_abbrev  0x0000107e      0x248 ./Drivers/STM32H7xx_HAL_Driver/Src/stm32h7xx_hal_dma.o
 .debug_abbrev  0x000012c6      0x1fe ./Drivers/STM32H7xx_HAL_Driver/Src/stm32h7xx_hal_gpio.o
 .debug_abbrev  0x000014c4      0x25d ./Drivers/STM32H7xx_HAL_Driver/Src/stm32h7xx_hal_i2c.o
 .debug_abbrev  0x00001721      0x1f5 ./Drivers/STM32H7xx_HAL_Driver/Src/stm32h7xx_hal_i2c_ex.o
 .debug_abbrev  0x00001916      0x243 ./Drivers/STM32H7xx_HAL_Driver/Src/stm32h7xx_hal_i2s.o
 .debug_abbrev  0x00001b59      0x295 ./Drivers/STM32H7xx_HAL_Driver/Src/stm32h7xx_hal_pwr_ex.o
 .debug_abbrev  0x00001dee      0x2b1 ./Drivers/STM32H7xx_HAL_Driver/Src/stm32h7xx_hal_rcc.o
 .debug_abbrev  0x0000209f      0x269 ./Drivers/STM32H7xx_HAL_Driver/Src/stm32h7xx_hal_rcc_ex.o
 .debug_abbrev  0x00002308      0x276 ./Drivers/STM32H7xx_HAL_Driver/Src/stm32h7xx_hal_tim.o
 .debug_abbrev  0x0000257e      0x296 ./Drivers/STM32H7xx_HAL_Driver/Src/stm32h7xx_hal_tim_ex.o

.debug_aranges  0x00000000     0x1228
 .debug_aranges
                0x00000000       0x38 ./Core/Src/PCM3060-Codec.o
 .debug_aranges
                0x00000038       0x70 ./Core/Src/main.o
 .debug_aranges
                0x000000a8       0x58 ./Core/Src/stm32h7xx_hal_msp.o
 .debug_aranges
                0x00000100       0x78 ./Core/Src/stm32h7xx_it.o
 .debug_aranges
                0x00000178       0x28 ./Core/Src/system_stm32h7xx.o
 .debug_aranges
                0x000001a0       0x28 ./Core/Startup/startup_stm32h723vgtx.o
 .debug_aranges
                0x000001c8      0x1c8 ./Drivers/STM32H7xx_HAL_Driver/Src/stm32h7xx_hal.o
 .debug_aranges
                0x00000390      0x130 ./Drivers/STM32H7xx_HAL_Driver/Src/stm32h7xx_hal_cortex.o
 .debug_aranges
                0x000004c0       0xa0 ./Drivers/STM32H7xx_HAL_Driver/Src/stm32h7xx_hal_dma.o
 .debug_aranges
                0x00000560       0x58 ./Drivers/STM32H7xx_HAL_Driver/Src/stm32h7xx_hal_gpio.o
 .debug_aranges
                0x000005b8      0x2a0 ./Drivers/STM32H7xx_HAL_Driver/Src/stm32h7xx_hal_i2c.o
 .debug_aranges
                0x00000858       0x48 ./Drivers/STM32H7xx_HAL_Driver/Src/stm32h7xx_hal_i2c_ex.o
 .debug_aranges
                0x000008a0      0x148 ./Drivers/STM32H7xx_HAL_Driver/Src/stm32h7xx_hal_i2s.o
 .debug_aranges
                0x000009e8      0x148 ./Drivers/STM32H7xx_HAL_Driver/Src/stm32h7xx_hal_pwr_ex.o
 .debug_aranges
                0x00000b30       0x88 ./Drivers/STM32H7xx_HAL_Driver/Src/stm32h7xx_hal_rcc.o
 .debug_aranges
                0x00000bb8       0xf8 ./Drivers/STM32H7xx_HAL_Driver/Src/stm32h7xx_hal_rcc_ex.o
 .debug_aranges
                0x00000cb0      0x3e0 ./Drivers/STM32H7xx_HAL_Driver/Src/stm32h7xx_hal_tim.o
 .debug_aranges
                0x00001090      0x198 ./Drivers/STM32H7xx_HAL_Driver/Src/stm32h7xx_hal_tim_ex.o

.debug_rnglists
                0x00000000      0xe2b
 .debug_rnglists
                0x00000000       0x26 ./Core/Src/PCM3060-Codec.o
 .debug_rnglists
                0x00000026       0x55 ./Core/Src/main.o
 .debug_rnglists
                0x0000007b       0x3f ./Core/Src/stm32h7xx_hal_msp.o
 .debug_rnglists
                0x000000ba       0x55 ./Core/Src/stm32h7xx_it.o
 .debug_rnglists
                0x0000010f       0x1b ./Core/Src/system_stm32h7xx.o
 .debug_rnglists
                0x0000012a       0x19 ./Core/Startup/startup_stm32h723vgtx.o
 .debug_rnglists
                0x00000143      0x155 ./Drivers/STM32H7xx_HAL_Driver/Src/stm32h7xx_hal.o
 .debug_rnglists
                0x00000298       0xe0 ./Drivers/STM32H7xx_HAL_Driver/Src/stm32h7xx_hal_cortex.o
 .debug_rnglists
                0x00000378       0x82 ./Drivers/STM32H7xx_HAL_Driver/Src/stm32h7xx_hal_dma.o
 .debug_rnglists
                0x000003fa       0x3f ./Drivers/STM32H7xx_HAL_Driver/Src/stm32h7xx_hal_gpio.o
 .debug_rnglists
                0x00000439      0x22a ./Drivers/STM32H7xx_HAL_Driver/Src/stm32h7xx_hal_i2c.o
 .debug_rnglists
                0x00000663       0x35 ./Drivers/STM32H7xx_HAL_Driver/Src/stm32h7xx_hal_i2c_ex.o
 .debug_rnglists
                0x00000698      0x101 ./Drivers/STM32H7xx_HAL_Driver/Src/stm32h7xx_hal_i2s.o
 .debug_rnglists
                0x00000799       0xf5 ./Drivers/STM32H7xx_HAL_Driver/Src/stm32h7xx_hal_pwr_ex.o
 .debug_rnglists
                0x0000088e       0x68 ./Drivers/STM32H7xx_HAL_Driver/Src/stm32h7xx_hal_rcc.o
 .debug_rnglists
                0x000008f6       0xc0 ./Drivers/STM32H7xx_HAL_Driver/Src/stm32h7xx_hal_rcc_ex.o
 .debug_rnglists
                0x000009b6      0x328 ./Drivers/STM32H7xx_HAL_Driver/Src/stm32h7xx_hal_tim.o
 .debug_rnglists
                0x00000cde      0x14d ./Drivers/STM32H7xx_HAL_Driver/Src/stm32h7xx_hal_tim_ex.o

.debug_macro    0x00000000    0x3280a
 .debug_macro   0x00000000      0x2c0 ./Core/Src/PCM3060-Codec.o
 .debug_macro   0x000002c0      0xacc ./Core/Src/PCM3060-Codec.o
 .debug_macro   0x00000d8c      0x238 ./Core/Src/PCM3060-Codec.o
 .debug_macro   0x00000fc4       0x2e ./Core/Src/PCM3060-Codec.o
 .debug_macro   0x00000ff2       0x3b ./Core/Src/PCM3060-Codec.o
 .debug_macro   0x0000102d       0x22 ./Core/Src/PCM3060-Codec.o
 .debug_macro   0x0000104f       0x8e ./Core/Src/PCM3060-Codec.o
 .debug_macro   0x000010dd       0x51 ./Core/Src/PCM3060-Codec.o
 .debug_macro   0x0000112e      0x103 ./Core/Src/PCM3060-Codec.o
 .debug_macro   0x00001231       0x6a ./Core/Src/PCM3060-Codec.o
 .debug_macro   0x0000129b      0x1df ./Core/Src/PCM3060-Codec.o
 .debug_macro   0x0000147a       0x1c ./Core/Src/PCM3060-Codec.o
 .debug_macro   0x00001496       0x22 ./Core/Src/PCM3060-Codec.o
 .debug_macro   0x000014b8       0xfb ./Core/Src/PCM3060-Codec.o
 .debug_macro   0x000015b3     0x1305 ./Core/Src/PCM3060-Codec.o
 .debug_macro   0x000028b8      0x11f ./Core/Src/PCM3060-Codec.o
 .debug_macro   0x000029d7       0x27 ./Core/Src/PCM3060-Codec.o
 .debug_macro   0x000029fe    0x2127f ./Core/Src/PCM3060-Codec.o
 .debug_macro   0x00023c7d       0x6d ./Core/Src/PCM3060-Codec.o
 .debug_macro   0x00023cea     0x3d64 ./Core/Src/PCM3060-Codec.o
 .debug_macro   0x00027a4e      0x189 ./Core/Src/PCM3060-Codec.o
 .debug_macro   0x00027bd7       0x61 ./Core/Src/PCM3060-Codec.o
 .debug_macro   0x00027c38       0x29 ./Core/Src/PCM3060-Codec.o
 .debug_macro   0x00027c61       0x43 ./Core/Src/PCM3060-Codec.o
 .debug_macro   0x00027ca4       0x34 ./Core/Src/PCM3060-Codec.o
 .debug_macro   0x00027cd8       0x16 ./Core/Src/PCM3060-Codec.o
 .debug_macro   0x00027cee       0x43 ./Core/Src/PCM3060-Codec.o
 .debug_macro   0x00027d31       0x34 ./Core/Src/PCM3060-Codec.o
 .debug_macro   0x00027d65       0x10 ./Core/Src/PCM3060-Codec.o
 .debug_macro   0x00027d75       0x58 ./Core/Src/PCM3060-Codec.o
 .debug_macro   0x00027dcd       0x8e ./Core/Src/PCM3060-Codec.o
 .debug_macro   0x00027e5b       0x1c ./Core/Src/PCM3060-Codec.o
 .debug_macro   0x00027e77      0x177 ./Core/Src/PCM3060-Codec.o
 .debug_macro   0x00027fee      0x369 ./Core/Src/PCM3060-Codec.o
 .debug_macro   0x00028357      0x19b ./Core/Src/PCM3060-Codec.o
 .debug_macro   0x000284f2       0x5d ./Core/Src/PCM3060-Codec.o
 .debug_macro   0x0002854f     0x2462 ./Core/Src/PCM3060-Codec.o
 .debug_macro   0x0002a9b1     0x1079 ./Core/Src/PCM3060-Codec.o
 .debug_macro   0x0002ba2a      0x154 ./Core/Src/PCM3060-Codec.o
 .debug_macro   0x0002bb7e      0x114 ./Core/Src/PCM3060-Codec.o
 .debug_macro   0x0002bc92      0x3fc ./Core/Src/PCM3060-Codec.o
 .debug_macro   0x0002c08e       0xac ./Core/Src/PCM3060-Codec.o
 .debug_macro   0x0002c13a      0x788 ./Core/Src/PCM3060-Codec.o
 .debug_macro   0x0002c8c2      0x228 ./Core/Src/PCM3060-Codec.o
 .debug_macro   0x0002caea       0x66 ./Core/Src/PCM3060-Codec.o
 .debug_macro   0x0002cb50      0x3a6 ./Core/Src/PCM3060-Codec.o
 .debug_macro   0x0002cef6      0x3f9 ./Core/Src/PCM3060-Codec.o
 .debug_macro   0x0002d2ef      0x275 ./Core/Src/PCM3060-Codec.o
 .debug_macro   0x0002d564      0x3ca ./Core/Src/PCM3060-Codec.o
 .debug_macro   0x0002d92e      0x45c ./Core/Src/PCM3060-Codec.o
 .debug_macro   0x0002dd8a       0x3c ./Core/Src/PCM3060-Codec.o
 .debug_macro   0x0002ddc6       0x4a ./Core/Src/PCM3060-Codec.o
 .debug_macro   0x0002de10      0x22c ./Core/Src/PCM3060-Codec.o
 .debug_macro   0x0002e03c       0x67 ./Core/Src/PCM3060-Codec.o
 .debug_macro   0x0002e0a3       0xa5 ./Core/Src/PCM3060-Codec.o
 .debug_macro   0x0002e148      0x25d ./Core/Src/PCM3060-Codec.o
 .debug_macro   0x0002e3a5      0x1c4 ./Core/Src/PCM3060-Codec.o
 .debug_macro   0x0002e569      0x22a ./Core/Src/PCM3060-Codec.o
 .debug_macro   0x0002e793       0x35 ./Core/Src/PCM3060-Codec.o
 .debug_macro   0x0002e7c8      0xb24 ./Core/Src/PCM3060-Codec.o
 .debug_macro   0x0002f2ec      0x29f ./Core/Src/PCM3060-Codec.o
 .debug_macro   0x0002f58b      0x5e6 ./Core/Src/PCM3060-Codec.o
 .debug_macro   0x0002fb71       0x10 ./Core/Src/PCM3060-Codec.o
 .debug_macro   0x0002fb81       0x58 ./Core/Src/PCM3060-Codec.o
 .debug_macro   0x0002fbd9      0x2c6 ./Core/Src/main.o
 .debug_macro   0x0002fe9f      0x2c0 ./Core/Src/stm32h7xx_hal_msp.o
 .debug_macro   0x0003015f      0x2ca ./Core/Src/stm32h7xx_it.o
 .debug_macro   0x00030429      0x29e ./Core/Src/system_stm32h7xx.o
 .debug_macro   0x000306c7      0x2c8 ./Drivers/STM32H7xx_HAL_Driver/Src/stm32h7xx_hal.o
 .debug_macro   0x0003098f      0x29e ./Drivers/STM32H7xx_HAL_Driver/Src/stm32h7xx_hal_cortex.o
 .debug_macro   0x00030c2d      0x2f2 ./Drivers/STM32H7xx_HAL_Driver/Src/stm32h7xx_hal_dma.o
 .debug_macro   0x00030f1f      0x2a5 ./Drivers/STM32H7xx_HAL_Driver/Src/stm32h7xx_hal_gpio.o
 .debug_macro   0x000311c4      0x36a ./Drivers/STM32H7xx_HAL_Driver/Src/stm32h7xx_hal_i2c.o
 .debug_macro   0x0003152e      0x29e ./Drivers/STM32H7xx_HAL_Driver/Src/stm32h7xx_hal_i2c_ex.o
 .debug_macro   0x000317cc      0x2a6 ./Drivers/STM32H7xx_HAL_Driver/Src/stm32h7xx_hal_i2s.o
 .debug_macro   0x00031a72      0x2d7 ./Drivers/STM32H7xx_HAL_Driver/Src/stm32h7xx_hal_pwr_ex.o
 .debug_macro   0x00031d49      0x2c2 ./Drivers/STM32H7xx_HAL_Driver/Src/stm32h7xx_hal_rcc.o
 .debug_macro   0x0003200b      0x2bc ./Drivers/STM32H7xx_HAL_Driver/Src/stm32h7xx_hal_rcc_ex.o
 .debug_macro   0x000322c7      0x29f ./Drivers/STM32H7xx_HAL_Driver/Src/stm32h7xx_hal_tim.o
 .debug_macro   0x00032566      0x2a4 ./Drivers/STM32H7xx_HAL_Driver/Src/stm32h7xx_hal_tim_ex.o

.debug_line     0x00000000    0x181ee
 .debug_line    0x00000000      0x90b ./Core/Src/PCM3060-Codec.o
 .debug_line    0x0000090b      0xb92 ./Core/Src/main.o
 .debug_line    0x0000149d      0x9fc ./Core/Src/stm32h7xx_hal_msp.o
 .debug_line    0x00001e99      0x97a ./Core/Src/stm32h7xx_it.o
 .debug_line    0x00002813      0xa12 ./Core/Src/system_stm32h7xx.o
 .debug_line    0x00003225       0x7a ./Core/Startup/startup_stm32h723vgtx.o
 .debug_line    0x0000329f      0xea3 ./Drivers/STM32H7xx_HAL_Driver/Src/stm32h7xx_hal.o
 .debug_line    0x00004142      0xe41 ./Drivers/STM32H7xx_HAL_Driver/Src/stm32h7xx_hal_cortex.o
 .debug_line    0x00004f83     0x2778 ./Drivers/STM32H7xx_HAL_Driver/Src/stm32h7xx_hal_dma.o
 .debug_line    0x000076fb      0xcd6 ./Drivers/STM32H7xx_HAL_Driver/Src/stm32h7xx_hal_gpio.o
 .debug_line    0x000083d1     0x3e7e ./Drivers/STM32H7xx_HAL_Driver/Src/stm32h7xx_hal_i2c.o
 .debug_line    0x0000c24f      0xa7f ./Drivers/STM32H7xx_HAL_Driver/Src/stm32h7xx_hal_i2c_ex.o
 .debug_line    0x0000ccce     0x1815 ./Drivers/STM32H7xx_HAL_Driver/Src/stm32h7xx_hal_i2s.o
 .debug_line    0x0000e4e3      0xe90 ./Drivers/STM32H7xx_HAL_Driver/Src/stm32h7xx_hal_pwr_ex.o
 .debug_line    0x0000f373     0x1339 ./Drivers/STM32H7xx_HAL_Driver/Src/stm32h7xx_hal_rcc.o
 .debug_line    0x000106ac     0x1c08 ./Drivers/STM32H7xx_HAL_Driver/Src/stm32h7xx_hal_rcc_ex.o
 .debug_line    0x000122b4     0x4034 ./Drivers/STM32H7xx_HAL_Driver/Src/stm32h7xx_hal_tim.o
 .debug_line    0x000162e8     0x1f06 ./Drivers/STM32H7xx_HAL_Driver/Src/stm32h7xx_hal_tim_ex.o

.debug_str      0x00000000   0x1470b7
 .debug_str     0x00000000   0x140a9f ./Core/Src/PCM3060-Codec.o
                             0x140f6a (size before relaxing)
 .debug_str     0x00140a9f     0x13c0 ./Core/Src/main.o
                             0x142406 (size before relaxing)
 .debug_str     0x00141e5f      0x3e6 ./Core/Src/stm32h7xx_hal_msp.o
                             0x141a64 (size before relaxing)
 .debug_str     0x00142245      0x123 ./Core/Src/stm32h7xx_it.o
                             0x140c79 (size before relaxing)
 .debug_str     0x00142368      0x2ae ./Core/Src/system_stm32h7xx.o
                             0x140b87 (size before relaxing)
 .debug_str     0x00142616       0x44 ./Core/Startup/startup_stm32h723vgtx.o
                                 0x85 (size before relaxing)
 .debug_str     0x0014265a      0x9ae ./Drivers/STM32H7xx_HAL_Driver/Src/stm32h7xx_hal.o
                             0x141c11 (size before relaxing)
 .debug_str     0x00143008      0x36e ./Drivers/STM32H7xx_HAL_Driver/Src/stm32h7xx_hal_cortex.o
                             0x14152b (size before relaxing)
 .debug_str     0x00143376      0x8a8 ./Drivers/STM32H7xx_HAL_Driver/Src/stm32h7xx_hal_dma.o
                             0x14133c (size before relaxing)
 .debug_str     0x00143c1e       0xf1 ./Drivers/STM32H7xx_HAL_Driver/Src/stm32h7xx_hal_gpio.o
                             0x140bd2 (size before relaxing)
 .debug_str     0x00143d0f      0xdaa ./Drivers/STM32H7xx_HAL_Driver/Src/stm32h7xx_hal_i2c.o
                             0x141c68 (size before relaxing)
 .debug_str     0x00144ab9       0xb8 ./Drivers/STM32H7xx_HAL_Driver/Src/stm32h7xx_hal_i2c_ex.o
                             0x141017 (size before relaxing)
 .debug_str     0x00144b71      0x37b ./Drivers/STM32H7xx_HAL_Driver/Src/stm32h7xx_hal_i2s.o
                             0x141089 (size before relaxing)
 .debug_str     0x00144eec      0x5ee ./Drivers/STM32H7xx_HAL_Driver/Src/stm32h7xx_hal_pwr_ex.o
                             0x140fda (size before relaxing)
 .debug_str     0x001454da      0x22e ./Drivers/STM32H7xx_HAL_Driver/Src/stm32h7xx_hal_rcc.o
                             0x140f55 (size before relaxing)
 .debug_str     0x00145708      0x61e ./Drivers/STM32H7xx_HAL_Driver/Src/stm32h7xx_hal_rcc_ex.o
                             0x14146d (size before relaxing)
 .debug_str     0x00145d26      0xd92 ./Drivers/STM32H7xx_HAL_Driver/Src/stm32h7xx_hal_tim.o
                             0x141d53 (size before relaxing)
 .debug_str     0x00146ab8      0x5ff ./Drivers/STM32H7xx_HAL_Driver/Src/stm32h7xx_hal_tim_ex.o
                             0x141700 (size before relaxing)

.comment        0x00000000       0x43
 .comment       0x00000000       0x43 ./Core/Src/PCM3060-Codec.o
                                 0x44 (size before relaxing)
 .comment       0x00000043       0x44 ./Core/Src/main.o
 .comment       0x00000043       0x44 ./Core/Src/stm32h7xx_hal_msp.o
 .comment       0x00000043       0x44 ./Core/Src/stm32h7xx_it.o
 .comment       0x00000043       0x44 ./Core/Src/system_stm32h7xx.o
 .comment       0x00000043       0x44 ./Drivers/STM32H7xx_HAL_Driver/Src/stm32h7xx_hal.o
 .comment       0x00000043       0x44 ./Drivers/STM32H7xx_HAL_Driver/Src/stm32h7xx_hal_cortex.o
 .comment       0x00000043       0x44 ./Drivers/STM32H7xx_HAL_Driver/Src/stm32h7xx_hal_dma.o
 .comment       0x00000043       0x44 ./Drivers/STM32H7xx_HAL_Driver/Src/stm32h7xx_hal_gpio.o
 .comment       0x00000043       0x44 ./Drivers/STM32H7xx_HAL_Driver/Src/stm32h7xx_hal_i2c.o
 .comment       0x00000043       0x44 ./Drivers/STM32H7xx_HAL_Driver/Src/stm32h7xx_hal_i2c_ex.o
 .comment       0x00000043       0x44 ./Drivers/STM32H7xx_HAL_Driver/Src/stm32h7xx_hal_i2s.o
 .comment       0x00000043       0x44 ./Drivers/STM32H7xx_HAL_Driver/Src/stm32h7xx_hal_pwr_ex.o
 .comment       0x00000043       0x44 ./Drivers/STM32H7xx_HAL_Driver/Src/stm32h7xx_hal_rcc.o
 .comment       0x00000043       0x44 ./Drivers/STM32H7xx_HAL_Driver/Src/stm32h7xx_hal_rcc_ex.o
 .comment       0x00000043       0x44 ./Drivers/STM32H7xx_HAL_Driver/Src/stm32h7xx_hal_tim.o
 .comment       0x00000043       0x44 ./Drivers/STM32H7xx_HAL_Driver/Src/stm32h7xx_hal_tim_ex.o

.debug_frame    0x00000000     0x4d4c
 .debug_frame   0x00000000       0x98 ./Core/Src/PCM3060-Codec.o
 .debug_frame   0x00000098      0x184 ./Core/Src/main.o
 .debug_frame   0x0000021c      0x144 ./Core/Src/stm32h7xx_hal_msp.o
 .debug_frame   0x00000360      0x15c ./Core/Src/stm32h7xx_it.o
 .debug_frame   0x000004bc       0x58 ./Core/Src/system_stm32h7xx.o
 .debug_frame   0x00000514      0x760 ./Drivers/STM32H7xx_HAL_Driver/Src/stm32h7xx_hal.o
 .debug_frame   0x00000c74      0x508 ./Drivers/STM32H7xx_HAL_Driver/Src/stm32h7xx_hal_cortex.o
 .debug_frame   0x0000117c      0x2b4 ./Drivers/STM32H7xx_HAL_Driver/Src/stm32h7xx_hal_dma.o
 .debug_frame   0x00001430      0x14c ./Drivers/STM32H7xx_HAL_Driver/Src/stm32h7xx_hal_gpio.o
 .debug_frame   0x0000157c      0xc40 ./Drivers/STM32H7xx_HAL_Driver/Src/stm32h7xx_hal_i2c.o
 .debug_frame   0x000021bc      0x100 ./Drivers/STM32H7xx_HAL_Driver/Src/stm32h7xx_hal_i2c_ex.o
 .debug_frame   0x000022bc      0x5b4 ./Drivers/STM32H7xx_HAL_Driver/Src/stm32h7xx_hal_i2s.o
 .debug_frame   0x00002870      0x540 ./Drivers/STM32H7xx_HAL_Driver/Src/stm32h7xx_hal_pwr_ex.o
 .debug_frame   0x00002db0      0x1fc ./Drivers/STM32H7xx_HAL_Driver/Src/stm32h7xx_hal_rcc.o
 .debug_frame   0x00002fac      0x414 ./Drivers/STM32H7xx_HAL_Driver/Src/stm32h7xx_hal_rcc_ex.o
 .debug_frame   0x000033c0     0x121c ./Drivers/STM32H7xx_HAL_Driver/Src/stm32h7xx_hal_tim.o
 .debug_frame   0x000045dc      0x724 ./Drivers/STM32H7xx_HAL_Driver/Src/stm32h7xx_hal_tim_ex.o
 .debug_frame   0x00004d00       0x20 /Applications/STM32CubeIDE.app/Contents/Eclipse/plugins/com.st.stm32cube.ide.mcu.externaltools.gnu-tools-for-stm32.12.3.rel1.macos64_1.0.200.202406191456/tools/bin/../lib/gcc/arm-none-eabi/12.3.1/../../../../arm-none-eabi/lib/thumb/v7e-m+dp/hard/libc_nano.a(libc_a-memset.o)
 .debug_frame   0x00004d20       0x2c /Applications/STM32CubeIDE.app/Contents/Eclipse/plugins/com.st.stm32cube.ide.mcu.externaltools.gnu-tools-for-stm32.12.3.rel1.macos64_1.0.200.202406191456/tools/bin/../lib/gcc/arm-none-eabi/12.3.1/../../../../arm-none-eabi/lib/thumb/v7e-m+dp/hard/libc_nano.a(libc_a-init.o)

.debug_line_str
                0x00000000       0x69
 .debug_line_str
                0x00000000       0x69 ./Core/Startup/startup_stm32h723vgtx.o
