../Core/Src/main.c:76:6:HAL_I2SEx_TxRxHalfCpltCallback	16	static
../Core/Src/main.c:83:6:HAL_I2SEx_TxRxCpltCallback	16	static
../Core/Src/main.c:90:6:processData	32	static
../Core/Src/main.c:130:5:main	8	static
../Core/Src/main.c:197:6:SystemClock_Config	120	static
../Core/Src/main.c:256:13:MX_I2C2_Init	8	static
../Core/Src/main.c:304:13:MX_I2S1_Init	8	static
../Core/Src/main.c:340:13:MX_TIM4_Init	64	static
../Core/Src/main.c:405:13:MX_DMA_Init	16	static
../Core/Src/main.c:429:13:MX_GPIO_Init	48	static
../Core/Src/main.c:464:6:Error_Handler	4	static,ignoring_inline_asm
